
> treshotka@1.0.0 build
> next build --webpack

⚠ Warning: Next.js inferred your workspace root, but it may not be correct.
 We detected multiple lockfiles and selected the directory of c:\Users\user\package-lock.json as the root directory.
 To silence this warning, set `outputFileTracingRoot` in your Next.js config, or consider removing one of the lockfiles if it's not needed.
   See https://nextjs.org/docs/app/api-reference/config/next-config-js/output#caveats for more information.
 Detected additional lockfiles: 
   * c:\Users\user\Desktop\treshotka\app\package-lock.json

▲ Next.js 16.1.1 (webpack)
- Environments: .env.local

  Creating an optimized production build ...
 ✓ (pwa) Compiling for server...
 ✓ (pwa) Compiling for server...
 ✓ (pwa) Compiling for client (static)...
 ○ (pwa) Service worker: c:\Users\user\Desktop\treshotka\app\public\sw.js
 ○ (pwa)   URL: /sw.js
 ○ (pwa)   Scope: /
✓ Compiled successfully in 25.2s
  Running TypeScript ...
  Collecting page data using 11 workers ...
  Generating static pages using 11 workers (0/7) ...
  Generating static pages using 11 workers (1/7) 
  Generating static pages using 11 workers (3/7) 
  Generating static pages using 11 workers (5/7) 
✓ Generating static pages using 11 workers (7/7) in 903.8ms
  Finalizing page optimization ...
  Collecting build traces ...

Route (app)
┌ ○ /
├ ○ /_not-found
├ ○ /lobby
├ ○ /login
├ ○ /register
└ ƒ /room/[roomId]


○  (Static)   prerendered as static content
ƒ  (Dynamic)  server-rendered on demand

